A51 MACRO ASSEMBLER  JUST_CODE                                                            09/26/2023 15:08:26 PAGE     1


MACRO ASSEMBLER A51 V8.02
OBJECT MODULE PLACED IN just_code.OBJ
ASSEMBLER INVOKED BY: C:\Keil\C51\BIN\A51.EXE just_code.s SET(SMALL) DEBUG EP

LOC  OBJ            LINE     SOURCE

                       1     ; I am Huy, the man who open the mouth to speak
                       2     ;       MOV destination, source         ; copy source to dest
                       3     
                       4                     ;       MOV A, #0
0000 7455              5                     MOV A, #55H                     ;load value 55H into Reg. A
0002 F8                6                     MOV R0, A                       ;copy contents of A into R0
                       7                                                             ;(now R0 = A = 55H)
0003 F9                8                     MOV R1, A                       ;copy contents of A into R1
                       9                                                             ;R1 = R0 = A = 55H
0004 FA               10                     MOV R2, A                       ;copy contents of A into R2
                      11                                                             ;R2 = R1 = R0 = A = 55H
0005 7B95             12                     MOV R3, #95H            ;load value 95H into R3
                      13                                                             ;R3 = 95H
0007 EB               14                     mov A, R3                       ;A = R3 = 95H
                      15                     END
A51 MACRO ASSEMBLER  JUST_CODE                                                            09/26/2023 15:08:26 PAGE     2

SYMBOL TABLE LISTING
------ ----- -------


N A M E             T Y P E  V A L U E   ATTRIBUTES



REGISTER BANK(S) USED: 0 


ASSEMBLY COMPLETE.  0 WARNING(S), 0 ERROR(S)
